[ -719644ms] [ERROR] Permissions policy violation: unload is not allowed in this document. @ https://blackboard.olemiss.edu/webapps/blackboard/execute/blti/launchPlacement?blti_placement_id=_783_1&wrapped=true:17
[ -719280ms] [ERROR] Permissions policy violation: unload is not allowed in this document. @ https://blackboard.olemiss.edu/webapps/blackboard/execute/blti/launchPlacement?cmd=authenticate&scope=openid&response_type=id_token&client_id=f27fb146-0e4d-40d9-82ea-37b700a280b0&redirect_uri=https://us.cstp.blackboard.com/v2/lti&login_hint=https%3A%2F%2Fblackboard.olemiss.edu%2Fwebapps%2Fblackboard%2Fexecute%2Fblti%2FlaunchPlacement%3Fcmd%3Dauthenticate,1e34455cff40452fb43f2fd7b04d1de4,c61c3eb052ed4667939bb2e32b089fe4&lti_message_hint=eyJyZXNvdXJjZUxpbmtJZCI6ImJiQXNzaXN0LS1VIiwiY291cnNlSWQiOm51bGwsImdyb3VwSWQiOm51bGwsImNvbnRlbnRJZCI6bnVsbCwiZGVwbG95bWVudElkIjoiZTEwM2IxYmEtNDNlNy00YTM0LWFkNTktODA5NDhmYWJmNDY5IiwidGFyZ2V0TGlua1VybCI6Imh0dHBzOi8vdXMuY3N0cC5ibGFja2JvYXJkLmNvbS92Mi9sdGkvdWVmLzc1NDJjODAzLTI5NjYtNDZkNC1hMDgzLTUwYzMyYTY2MTk4Zi9iYkFzc2lzdCIsImlubGluZU1vZGUiOmZhbHNlLCJoaWRlRG9jdW1lbnQiOmZhbHNlLCJwYXJlbnRDb250ZW50SWQiOiIiLCJjdXN0b21QYXJhbXMiOnsidXNlclN5c3RlbVJvbGVzIjoiQFhAIiwidXNlcklkIjoiQFhAdXNlci5wa19zdHJpbmdAWEAiLCJmdHVlVmlzaXRlZCI6IkBYQGJiQXNzaXN0QFhAIn0sIm9wZW5JbkxpZ2h0Qm94IjpmYWxzZSwiZnJvbVVsdHJhIjpmYWxzZSwicGxhY2VtZW50SWQiOiJfNzE1XzEiLCJ0YXJnZXRPdmVycmlkZSI6bnVsbCwiZnJvbUdyYWRlQ2VudGVyIjpmYWxzZSwib3Blbk5ld1dpbmRvdyI6dHJ1ZSwiZGVlcExpbmtMYXVuY2giOmZhbHNlLCJwb3NpdGlvbiI6LTF9&state=none&response_mode=form_post&nonce=e4db8196-966e-4f61-a724-252e156fca0f&prompt=none:17
[ -719263ms] [ERROR] Permissions policy violation: unload is not allowed in this document. @ https://blackboard.olemiss.edu/webapps/blackboard/execute/blti/launchPlacement?cmd=authenticate&scope=openid&response_type=id_token&client_id=f27fb146-0e4d-40d9-82ea-37b700a280b0&redirect_uri=https://us.cstp.blackboard.com/v2/lti&login_hint=https%3A%2F%2Fblackboard.olemiss.edu%2Fwebapps%2Fblackboard%2Fexecute%2Fblti%2FlaunchPlacement%3Fcmd%3Dauthenticate,1e34455cff40452fb43f2fd7b04d1de4,c61c3eb052ed4667939bb2e32b089fe4&lti_message_hint=eyJyZXNvdXJjZUxpbmtJZCI6ImJiQXNzaXN0LS1VIiwiY291cnNlSWQiOm51bGwsImdyb3VwSWQiOm51bGwsImNvbnRlbnRJZCI6bnVsbCwiZGVwbG95bWVudElkIjoiZTEwM2IxYmEtNDNlNy00YTM0LWFkNTktODA5NDhmYWJmNDY5IiwidGFyZ2V0TGlua1VybCI6Imh0dHBzOi8vdXMuY3N0cC5ibGFja2JvYXJkLmNvbS92Mi9sdGkvdWVmLzc1NDJjODAzLTI5NjYtNDZkNC1hMDgzLTUwYzMyYTY2MTk4Zi9iYkFzc2lzdCIsImlubGluZU1vZGUiOmZhbHNlLCJoaWRlRG9jdW1lbnQiOmZhbHNlLCJwYXJlbnRDb250ZW50SWQiOiIiLCJjdXN0b21QYXJhbXMiOnsidXNlclN5c3RlbVJvbGVzIjoiQFhAIiwidXNlcklkIjoiQFhAdXNlci5wa19zdHJpbmdAWEAiLCJmdHVlVmlzaXRlZCI6IkBYQGJiQXNzaXN0QFhAIn0sIm9wZW5JbkxpZ2h0Qm94IjpmYWxzZSwiZnJvbVVsdHJhIjpmYWxzZSwicGxhY2VtZW50SWQiOiJfNzE1XzEiLCJ0YXJnZXRPdmVycmlkZSI6bnVsbCwiZnJvbUdyYWRlQ2VudGVyIjpmYWxzZSwib3Blbk5ld1dpbmRvdyI6dHJ1ZSwiZGVlcExpbmtMYXVuY2giOmZhbHNlLCJwb3NpdGlvbiI6LTF9&state=none&response_mode=form_post&nonce=e4db8196-966e-4f61-a724-252e156fca0f&prompt=none:17
[ -719078ms] [ERROR] Failed to load resource: the server responded with a status of 404 () @ https://blackboard.olemiss.edu/learn/api/v1/systemPreferences/gradepill.decimal.config.preference.settings:0
[ -719073ms] [ERROR] Failed to load resource: the server responded with a status of 404 () @ https://blackboard.olemiss.edu/learn/api/v1/systemPreferences/gradepill.rounding.mode.preference.settings:0
[ -718824ms] [ERROR] Permissions policy violation: unload is not allowed in this document. @ https://blackboard.olemiss.edu/webapps/blackboard/execute/blti/launchPlacement?cmd=authenticate&client_id=d6d87a79-03fe-4db1-a5de-05db3be28e30&login_hint=https%3A%2F%2Fblackboard.olemiss.edu%2Fwebapps%2Fblackboard%2Fexecute%2Fblti%2FlaunchPlacement%3Fcmd%3Dauthenticate%2C1e34455cff40452fb43f2fd7b04d1de4%2Cbc92c3e6428445e2a1c519955faae1c5&lti_message_hint=eyJyZXNvdXJjZUxpbmtJZCI6ImYwOTczZjMxMTZkYzQzOTFiMDEyM2U4MTQ3YmNjYzliIiwiY291cnNlSWQiOm51bGwsImdyb3VwSWQiOm51bGwsImNvbnRlbnRJZCI6bnVsbCwiZGVwbG95bWVudElkIjoiNmQ2ZmIyN2QtY2MzNy00OTdmLTgwNDYtZGMwMGY4MGU3NGI2IiwidGFyZ2V0TGlua1VybCI6Imh0dHBzOi8vb2xlbWlzcy5ldmFsdWF0aW9ua2l0LmNvbS9sb2dpbi9sdGkvY2FsbGJhY2siLCJpbmxpbmVNb2RlIjpmYWxzZSwiaGlkZURvY3VtZW50IjpmYWxzZSwicGFyZW50Q29udGVudElkIjoiIiwiY3VzdG9tUGFyYW1zIjp7ImJsYWNrYm9hcmRfY291cnNlX2V4dGVybmFsX3VpZCI6IkBYQGNvdXJzZS5iYXRjaF91aWRAWEAiLCJibGFja2JvYXJkX3VzZXJfaWQiOiJAWEB1c2VyLnBrX3N0cmluZ0BYQCIsImJsYWNrYm9hcmRfY291cnNlX2lkIjoiQFhAY291cnNlLnBrX3N0cmluZ0BYQCIsImJsYWNrYm9hcmRfdXNlcm5hbWUiOiJAWEB1c2VyLmlkQFhAIiwiYmxhY2tib2FyZF91c2VyX2V4dGVybmFsX3VpZCI6IkBYQHVzZXIuYmF0Y2hfdWlkQFhAIiwiY2VzX2xvZ2luX21ldGhvZCI6IjQ0In0sIm9wZW5JbkxpZ2h0Qm94IjpmYWxzZSwiZnJvbVVsdHJhIjpmYWxzZSwicGxhY2VtZW50SWQiOiJfMTc5MV8xIiwidGFyZ2V0T3ZlcnJpZGUiOm51bGwsImZyb21HcmFkZUNlbnRlciI6ZmFsc2UsIm9wZW5OZXdXaW5kb3ciOmZhbHNlLCJkZWVwTGlua0xhdW5jaCI6ZmFsc2UsInBvc2l0aW9uIjotMX0&nonce=11e26b3f-3967-431d-bd52-4636bd921d77&redirect_uri=https%3A%2F%2Folemiss.evaluationkit.com%2Flogin%2Flti%2Fcallback&response_type=id_token&scope=openid&state=k4mm3ubcp3qluvblvs33kppm:17
[ -718811ms] [ERROR] Permissions policy violation: unload is not allowed in this document. @ https://blackboard.olemiss.edu/webapps/blackboard/execute/blti/launchPlacement?cmd=authenticate&client_id=d6d87a79-03fe-4db1-a5de-05db3be28e30&login_hint=https%3A%2F%2Fblackboard.olemiss.edu%2Fwebapps%2Fblackboard%2Fexecute%2Fblti%2FlaunchPlacement%3Fcmd%3Dauthenticate%2C1e34455cff40452fb43f2fd7b04d1de4%2Cbc92c3e6428445e2a1c519955faae1c5&lti_message_hint=eyJyZXNvdXJjZUxpbmtJZCI6ImYwOTczZjMxMTZkYzQzOTFiMDEyM2U4MTQ3YmNjYzliIiwiY291cnNlSWQiOm51bGwsImdyb3VwSWQiOm51bGwsImNvbnRlbnRJZCI6bnVsbCwiZGVwbG95bWVudElkIjoiNmQ2ZmIyN2QtY2MzNy00OTdmLTgwNDYtZGMwMGY4MGU3NGI2IiwidGFyZ2V0TGlua1VybCI6Imh0dHBzOi8vb2xlbWlzcy5ldmFsdWF0aW9ua2l0LmNvbS9sb2dpbi9sdGkvY2FsbGJhY2siLCJpbmxpbmVNb2RlIjpmYWxzZSwiaGlkZURvY3VtZW50IjpmYWxzZSwicGFyZW50Q29udGVudElkIjoiIiwiY3VzdG9tUGFyYW1zIjp7ImJsYWNrYm9hcmRfY291cnNlX2V4dGVybmFsX3VpZCI6IkBYQGNvdXJzZS5iYXRjaF91aWRAWEAiLCJibGFja2JvYXJkX3VzZXJfaWQiOiJAWEB1c2VyLnBrX3N0cmluZ0BYQCIsImJsYWNrYm9hcmRfY291cnNlX2lkIjoiQFhAY291cnNlLnBrX3N0cmluZ0BYQCIsImJsYWNrYm9hcmRfdXNlcm5hbWUiOiJAWEB1c2VyLmlkQFhAIiwiYmxhY2tib2FyZF91c2VyX2V4dGVybmFsX3VpZCI6IkBYQHVzZXIuYmF0Y2hfdWlkQFhAIiwiY2VzX2xvZ2luX21ldGhvZCI6IjQ0In0sIm9wZW5JbkxpZ2h0Qm94IjpmYWxzZSwiZnJvbVVsdHJhIjpmYWxzZSwicGxhY2VtZW50SWQiOiJfMTc5MV8xIiwidGFyZ2V0T3ZlcnJpZGUiOm51bGwsImZyb21HcmFkZUNlbnRlciI6ZmFsc2UsIm9wZW5OZXdXaW5kb3ciOmZhbHNlLCJkZWVwTGlua0xhdW5jaCI6ZmFsc2UsInBvc2l0aW9uIjotMX0&nonce=11e26b3f-3967-431d-bd52-4636bd921d77&redirect_uri=https%3A%2F%2Folemiss.evaluationkit.com%2Flogin%2Flti%2Fcallback&response_type=id_token&scope=openid&state=k4mm3ubcp3qluvblvs33kppm:17
[ -717448ms] [ERROR] Permissions policy violation: unload is not allowed in this document. @ https://blackboard.olemiss.edu/ultra:6
[ -717376ms] [WARNING] An iframe which has both allow-scripts and allow-same-origin for its sandbox attribute can escape its sandboxing. @ https://ultra.content.blackboardcdn.com/ultra/uiv4000.21.0-rel.64_53a3540/13417-d2762d7f9dbb57e3.js:198
[ -717372ms] [WARNING] An iframe which has both allow-scripts and allow-same-origin for its sandbox attribute can escape its sandboxing. @ https://ultra.content.blackboardcdn.com/ultra/uiv4000.21.0-rel.64_53a3540/13417-d2762d7f9dbb57e3.js:198
[ -721647ms] [LOG] [app.initialization] Initializing Ultra... @ https://blackboard.olemiss.edu/ultra:6
[ -721297ms] [WARNING] Attempting to get paged collection at /public/v1/lti/placements without a filter, this might be a performance issue. @ https://blackboard.olemiss.edu/ultra:6
[ -721297ms] [WARNING] Attempting to get paged collection at /public/v1/lti/placements without a filter, this might be a performance issue. @ https://blackboard.olemiss.edu/ultra:6
[ -718427ms] [WARNING] Received subscription to invalid event type basenav:register @ https://blackboard.olemiss.edu/ultra:6
[ -718420ms] [WARNING] Invalid class name: svg-icon @ https://blackboard.olemiss.edu/ultra:6
[ -718420ms] [WARNING] Invalid class name: medium-icon @ https://blackboard.olemiss.edu/ultra:6
[ -718420ms] [WARNING] Invalid class name: default @ https://blackboard.olemiss.edu/ultra:6
[ -718004ms] [WARNING] Invalid class name: svg-icon @ https://blackboard.olemiss.edu/ultra:6
[ -718004ms] [WARNING] Invalid class name: medium-icon @ https://blackboard.olemiss.edu/ultra:6
[ -718004ms] [WARNING] Invalid class name: default @ https://blackboard.olemiss.edu/ultra:6
[ -721335ms] [ERROR] Invalid 'X-Frame-Options' header encountered when loading 'https://developer.blackboard.com/': '' is not a recognized directive. The header will be ignored. @ https://developer.blackboard.com/ltiStorage:0
[ -719997ms] [INFO] [2026-09-23T04:22:53.180Z] Information: Normalizing '/notifications' to 'https://notif-websockets-us-east-1.prod.notifications.api.blackboard.com/notifications'. @ https://notif-websockets-us-east-1.prod.notifications.api.blackboard.com/clientframe.909f4cc0a5821738c300.js:0
[ -719589ms] [INFO] [2026-09-23T04:22:53.588Z] Information: WebSocket connected to wss://notif-websockets-us-east-1.prod.notifications.api.blackboard.com/notifications?access_token=BT%3A1790137373%3AeyJhbGciOiJSUzI1NiIsImtpZCI6IjBkZjM4NmVhLTQ5MDQtNGRiYS1hNTA2LThhODJiOWVlMmE3MiIsInR5cCI6IkpXVCJ9.eyJpYXQiOjE3OTAxMzczNjksImV4cCI6MTc5MDE0MDk2OSwic3ViIjoiNDVmM2UzMmUtNjJiNC0xMWVjLTg5N2ItOWQ1N2IwNWYxOTdhIiwiaXNzIjoiaHR0cHM6Ly91cy5hdXRoei5hcGkuYmxhY2tib2FyZC5jb20iLCJhdWQiOiJodHRwczovL3VzLnRlbmFuY3kuYXBpLmJsYWNrYm9hcmQuY29tL3RlbmFuY3kvYXBpL3YxL3RlbmFudHMvODA4YTFmZmMtNWY2ZC00MjA3LWJjZTUtMjEzNmQxOGVlNzA1IiwiaHR0cHM6Ly9ibGFja2JvYXJkLmNvbS90ZW5hbnRJZCI6IjgwOGExZmZjLTVmNmQtNDIwNy1iY2U1LTIxMzZkMThlZTcwNSIsImh0dHBzOi8vYmxhY2tib2FyZC5jb20vcGVyc29uSWQiOiI0NWYzZTMyZS02MmI0LTExZWMtODk3Yi05ZDU3YjA1ZjE5N2EiLCJodHRwczovL2JsYWNrYm9hcmQuY29tL3Nlc3Npb25JZCI6IjI2ODIyODkyMzMiLCJodHRwczovL2JsYWNrYm9hcmQuY29tL3JlZ2lvbiI6InVzLWVhc3QtMSIsImh0dHBzOi8vYmxhY2tib2FyZC5jb20vbG9naW5JZCI6InJlbGluZHNhIiwiaHR0cHM6Ly9ibGFja2JvYXJkLmNvbS9mbmRzR3JvdXBzIjpbXSwiaHR0cHM6Ly9ibGFja2JvYXJkLmNvbS9zaXRlSWQiOiI3NTQyYzgwMy0yOTY2LTQ2ZDQtYTA4My01MGMzMmE2NjE5OGYifQ.ASNATYef4uluhusX1bSZJ1aWMniRNZZR7z6GIJUkGEUZGa40BvmHYpOlfqyjShhy4Zn3XqIDIED8mDAY-rDiPDZKsRRTAsmZaOZEB17zmu-UsDMJgnII7L3skCaUyWZ_Tj3g38w7yynqozoJklJG-KrCqsaECfcnjqrOlU-e8u5tA4CYCrcyjegqczyiL1I8CGAtxS2BAGBeTd6Oo8RK-xt4Ce_BF_WD1Yg9lxKYYz5i9gk4ksVbq5JEZDGfTruHbJgJO4YFm6u70tkrb-RSsrxi2B9AIaE7eQJRTVEZAcB5H-4QwgF3kDi2uvlpH4ZVLi8m40iKCOnbrTIRBXK5Sg. @ https://notif-websockets-us-east-1.prod.notifications.api.blackboard.com/clientframe.909f4cc0a5821738c300.js:0
[ -719588ms] [INFO] [2026-09-23T04:22:53.589Z] Information: Using HubProtocol 'json'. @ https://notif-websockets-us-east-1.prod.notifications.api.blackboard.com/clientframe.909f4cc0a5821738c300.js:0
[ -721335ms] [ERROR] Invalid 'X-Frame-Options' header encountered when loading 'https://developer.blackboard.com/': '' is not a recognized directive. The header will be ignored. @ https://developer.blackboard.com/ltiStorage:0
[ -721335ms] [ERROR] Invalid 'X-Frame-Options' header encountered when loading 'https://developer.blackboard.com/': '' is not a recognized directive. The header will be ignored. @ https://developer.blackboard.com/ltiStorage:0
[ -717570ms] [ERROR] Permissions policy violation: unload is not allowed in this document. @ https://olemiss.evaluationkit.com/login/lti/callback:7
[ -718547ms] [WARNING] react-i18next:: It seems you are still using the old wait option, you may migrate to the new useSuspense behaviour. @ https://us.cstp.blackboard.com/static/bbAssist/bbAssist.js:1
[      97ms] TypeError: t.services.languageUtils.isWhitelisted is not a function
    at https://us.cstp.blackboard.com/static/bbAssist/bbAssist.js:2:534515
    at Array.forEach (<anonymous>)
    at e.value (https://us.cstp.blackboard.com/static/bbAssist/bbAssist.js:2:534382)
    at de.changeLanguage (https://us.cstp.blackboard.com/static/bbAssist/bbAssist.js:2:523589)
    at a (https://us.cstp.blackboard.com/static/bbAssist/bbAssist.js:2:520443)
[ -718528ms] [LOG] serverMessage Object @ https://us.cstp.blackboard.com/static/bbAssist/bbAssist.js:1
[ -717499ms] [LOG] %cRipple component library %c%s color: #575195; font-weight: bold font-weight: bold 5.32.0 @ https://olemiss.evaluationkit.com/login/lti/callback:7
[ -718523ms] [LOG] onPostMessageReceived: MessageEvent @ https://us.cstp.blackboard.com/static/bbAssist/bbAssist.js:1
[ -718523ms] [LOG] [UEF] To Learn Ultra Object @ https://us.cstp.blackboard.com/static/bbAssist/bbAssist.js:1
[ -718430ms] [LOG] [UEF] From Learn Ultra: Object @ https://us.cstp.blackboard.com/static/bbAssist/bbAssist.js:1
[ -718430ms] [LOG] onMessageFromUltra: MessageEvent @ https://us.cstp.blackboard.com/static/bbAssist/bbAssist.js:1
[ -718429ms] [LOG] Authorization was successful @ https://us.cstp.blackboard.com/static/bbAssist/bbAssist.js:1
[ -718429ms] [LOG] [UEF] To Learn Ultra Object @ https://us.cstp.blackboard.com/static/bbAssist/bbAssist.js:1
[ -718428ms] [LOG] [UEF] To Learn Ultra Object @ https://us.cstp.blackboard.com/static/bbAssist/bbAssist.js:1
[ -718428ms] [LOG] serverMessage Object @ https://us.cstp.blackboard.com/static/bbAssist/bbAssist.js:1
[ -718428ms] [LOG] baseNav Object true @ https://us.cstp.blackboard.com/static/bbAssist/bbAssist.js:1
[ -718428ms] [LOG] baseNav Object @ https://us.cstp.blackboard.com/static/bbAssist/bbAssist.js:1
[ -718428ms] [LOG] createBaseNav @ https://us.cstp.blackboard.com/static/bbAssist/bbAssist.js:1
[ -718428ms] [LOG] getNavigationContents @ https://us.cstp.blackboard.com/static/bbAssist/bbAssist.js:1
[ -718428ms] [LOG] new:event Object @ https://us.cstp.blackboard.com/static/bbAssist/bbAssist.js:1
[ -718427ms] [LOG] [UEF] To Learn Ultra Object @ https://us.cstp.blackboard.com/static/bbAssist/bbAssist.js:1
[ -718427ms] [LOG] [UEF] From Learn Ultra: Object @ https://us.cstp.blackboard.com/static/bbAssist/bbAssist.js:1
[ -718427ms] [LOG] onMessageFromUltra: MessageEvent @ https://us.cstp.blackboard.com/static/bbAssist/bbAssist.js:1
[ -718426ms] [LOG] RESPONSE FROM REGISTRATION:  success @ https://us.cstp.blackboard.com/static/bbAssist/bbAssist.js:1
[ -718426ms] [LOG] serverMessage Object @ https://us.cstp.blackboard.com/static/bbAssist/bbAssist.js:1
[ -718426ms] [LOG] [UEF] From Learn Ultra: Object @ https://us.cstp.blackboard.com/static/bbAssist/bbAssist.js:1
[ -718426ms] [LOG] onMessageFromUltra: MessageEvent @ https://us.cstp.blackboard.com/static/bbAssist/bbAssist.js:1
[ -718425ms] [LOG] serverMessage Object @ https://us.cstp.blackboard.com/static/bbAssist/bbAssist.js:1
[ -718413ms] [LOG] [UEF] From Learn Ultra: Object @ https://us.cstp.blackboard.com/static/bbAssist/bbAssist.js:1
[ -718413ms] [LOG] onMessageFromUltra: MessageEvent @ https://us.cstp.blackboard.com/static/bbAssist/bbAssist.js:1
[ -718412ms] [LOG] serverMessage Object @ https://us.cstp.blackboard.com/static/bbAssist/bbAssist.js:1
[ -718412ms] [LOG] [UEF] From Learn Ultra: Object @ https://us.cstp.blackboard.com/static/bbAssist/bbAssist.js:1
[ -718412ms] [LOG] onMessageFromUltra: MessageEvent @ https://us.cstp.blackboard.com/static/bbAssist/bbAssist.js:1
[ -718411ms] [LOG] serverMessage Object @ https://us.cstp.blackboard.com/static/bbAssist/bbAssist.js:1
[ -717993ms] [LOG] [UEF] From Learn Ultra: Object @ https://us.cstp.blackboard.com/static/bbAssist/bbAssist.js:1
[ -717993ms] [LOG] onMessageFromUltra: MessageEvent @ https://us.cstp.blackboard.com/static/bbAssist/bbAssist.js:1
[ -717990ms] [LOG] serverMessage Object @ https://us.cstp.blackboard.com/static/bbAssist/bbAssist.js:1
[ -717990ms] [LOG] [UEF] From Learn Ultra: Object @ https://us.cstp.blackboard.com/static/bbAssist/bbAssist.js:1
[ -717990ms] [LOG] onMessageFromUltra: MessageEvent @ https://us.cstp.blackboard.com/static/bbAssist/bbAssist.js:1
[ -717989ms] [LOG] serverMessage Object @ https://us.cstp.blackboard.com/static/bbAssist/bbAssist.js:1
[ -721335ms] [ERROR] Invalid 'X-Frame-Options' header encountered when loading 'https://developer.blackboard.com/': '' is not a recognized directive. The header will be ignored. @ https://developer.blackboard.com/ltiStorage:0
